=== Ring | best-case | initiator=N9 ===
messages = 18
max_hop  = 18
elapsed  = 1060.01 ms
------------------------------------------------------------------------------
[     0.00 ms]        EVENT               N10 :: (node is DOWN -- not participating)
[     3.96 ms] hop=0  RECV   TRIGGER      N9  <- N0 
[     4.00 ms]        EVENT               N9  :: detects leader failure, starts Ring election -> next=N1
[    55.69 ms] hop=1  SEND   ELECTION     N9  -> N1  payload=[9]
[    55.92 ms] hop=1  RECV   ELECTION     N1  <- N9  payload=[9]
[    55.96 ms]        EVENT               N1  :: forwards ELECTION [9, 1] -> N2
[   113.67 ms] hop=2  SEND   ELECTION     N1  -> N2  payload=[9, 1]
[   113.86 ms] hop=2  RECV   ELECTION     N2  <- N1  payload=[9, 1]
[   113.90 ms]        EVENT               N2  :: forwards ELECTION [9, 1, 2] -> N3
[   177.21 ms] hop=3  SEND   ELECTION     N2  -> N3  payload=[9, 1, 2]
[   177.49 ms] hop=3  RECV   ELECTION     N3  <- N2  payload=[9, 1, 2]
[   177.54 ms]        EVENT               N3  :: forwards ELECTION [9, 1, 2, 3] -> N4
[   230.70 ms] hop=4  SEND   ELECTION     N3  -> N4  payload=[9, 1, 2, 3]
[   231.06 ms] hop=4  RECV   ELECTION     N4  <- N3  payload=[9, 1, 2, 3]
[   231.10 ms]        EVENT               N4  :: forwards ELECTION [9, 1, 2, 3, 4] -> N5
[   289.23 ms] hop=5  SEND   ELECTION     N4  -> N5  payload=[9, 1, 2, 3, 4]
[   289.42 ms] hop=5  RECV   ELECTION     N5  <- N4  payload=[9, 1, 2, 3, 4]
[   289.47 ms]        EVENT               N5  :: forwards ELECTION [9, 1, 2, 3, 4, 5] -> N6
[   342.25 ms] hop=6  SEND   ELECTION     N5  -> N6  payload=[9, 1, 2, 3, 4, 5]
[   342.41 ms] hop=6  RECV   ELECTION     N6  <- N5  payload=[9, 1, 2, 3, 4, 5]
[   342.46 ms]        EVENT               N6  :: forwards ELECTION [9, 1, 2, 3, 4, 5, 6] -> N7
[   400.75 ms] hop=7  SEND   ELECTION     N6  -> N7  payload=[9, 1, 2, 3, 4, 5, 6]
[   400.99 ms] hop=7  RECV   ELECTION     N7  <- N6  payload=[9, 1, 2, 3, 4, 5, 6]
[   401.02 ms]        EVENT               N7  :: forwards ELECTION [9, 1, 2, 3, 4, 5, 6, 7] -> N8
[   458.93 ms] hop=8  SEND   ELECTION     N7  -> N8  payload=[9, 1, 2, 3, 4, 5, 6, 7]
[   459.16 ms] hop=8  RECV   ELECTION     N8  <- N7  payload=[9, 1, 2, 3, 4, 5, 6, 7]
[   459.20 ms]        EVENT               N8  :: forwards ELECTION [9, 1, 2, 3, 4, 5, 6, 7, 8] -> N9
[   517.09 ms] hop=9  SEND   ELECTION     N8  -> N9  payload=[9, 1, 2, 3, 4, 5, 6, 7, 8]
[   517.28 ms] hop=9  RECV   ELECTION     N9  <- N8  payload=[9, 1, 2, 3, 4, 5, 6, 7, 8]
[   517.31 ms]        EVENT               N9  :: ELECTION returned full circle ids=[9, 1, 2, 3, 4, 5, 6, 7, 8]; new leader = N9
[   575.74 ms] hop=10 SEND   COORDINATOR  N9  -> N1  payload=9
[   575.96 ms] hop=10 RECV   COORDINATOR  N1  <- N9  payload=9
[   575.99 ms]        EVENT               N1  :: acknowledges leader = N9, forwarding
[   639.17 ms] hop=11 SEND   COORDINATOR  N1  -> N2  payload=9
[   639.70 ms] hop=11 RECV   COORDINATOR  N2  <- N1  payload=9
[   639.73 ms]        EVENT               N2  :: acknowledges leader = N9, forwarding
[   695.91 ms] hop=12 SEND   COORDINATOR  N2  -> N3  payload=9
[   696.22 ms] hop=12 RECV   COORDINATOR  N3  <- N2  payload=9
[   696.30 ms]        EVENT               N3  :: acknowledges leader = N9, forwarding
[   757.81 ms] hop=13 SEND   COORDINATOR  N3  -> N4  payload=9
[   758.08 ms] hop=13 RECV   COORDINATOR  N4  <- N3  payload=9
[   758.12 ms]        EVENT               N4  :: acknowledges leader = N9, forwarding
[   816.90 ms] hop=14 SEND   COORDINATOR  N4  -> N5  payload=9
[   817.13 ms] hop=14 RECV   COORDINATOR  N5  <- N4  payload=9
[   817.17 ms]        EVENT               N5  :: acknowledges leader = N9, forwarding
[   875.23 ms] hop=15 SEND   COORDINATOR  N5  -> N6  payload=9
[   875.43 ms] hop=15 RECV   COORDINATOR  N6  <- N5  payload=9
[   875.46 ms]        EVENT               N6  :: acknowledges leader = N9, forwarding
[   933.63 ms] hop=16 SEND   COORDINATOR  N6  -> N7  payload=9
[   933.85 ms] hop=16 RECV   COORDINATOR  N7  <- N6  payload=9
[   933.87 ms]        EVENT               N7  :: acknowledges leader = N9, forwarding
[   992.24 ms] hop=17 SEND   COORDINATOR  N7  -> N8  payload=9
[   992.55 ms] hop=17 RECV   COORDINATOR  N8  <- N7  payload=9
[   992.58 ms]        EVENT               N8  :: acknowledges leader = N9, forwarding
[  1059.52 ms] hop=18 SEND   COORDINATOR  N8  -> N9  payload=9
[  1060.00 ms] hop=18 RECV   COORDINATOR  N9  <- N8  payload=9
[  1060.03 ms]        EVENT               N9  :: COORDINATOR returned full circle; Ring election complete
